<html>
<body>
<pre>
<h1>µVision Build Log</h1>
<h2>Project:</h2>
D:\ÏîÄ¿\nRF51 SDK_v6.0.0.43681\Nordic\nrf51822\Board\pca10001\button_radio_example\arm\button_radio_example_tx.uvproj
Project File Date:  12/04/2014

<h2>Output:</h2>
Build target 'nrf51822_xxaa (256K)'
Clean started - Project: 'button_radio_example_tx'
   deleting intermediate output files for target 'nrf51822_xxaa (256K)'
compiling main_tx.c...
compiling radio_config.c...
assembling startup_arm_nrf51.s...
compiling system_nrf51.c...
compiling simple_uart.c...
compiling nrf_delay.c...
linking...
Program Size: Code=864 RO-data=208 RW-data=8 ZI-data=2048  
".\_build\button_radio_tx_example.axf" - 0 Error(s), 0 Warning(s).

*** Performing Cross-Module-Optimization:
compiling main_tx.c...
compiling radio_config.c...
compiling system_nrf51.c...
compiling simple_uart.c...
compiling nrf_delay.c...
linking...
Program Size: Code=864 RO-data=208 RW-data=8 ZI-data=2048  
FromELF: creating hex file...
".\_build\button_radio_tx_example.axf" - 0 Error(s), 0 Warning(s).
*** Completed Cross-Module-Optimization after 2 iteration(s).
