<html>
<body>
<pre>
<h1>礦ision Build Log</h1>
<h2>Project:</h2>
D:\项目\nRF51 SDK_v6.0.0.43681\Nordic\nrf51822\Board\pca10001\button_radio_example\arm\button_radio_example_tx.uvproj
Project File Date:  12/04/2014

<h2>Output:</h2>
Build target 'nrf51822_xxaa (256K)'
Clean started - Project: 'button_radio_example_tx'
   deleting intermediate output files for target 'nrf51822_xxaa (256K)'
compiling main_tx.c...
compiling radio_config.c...
assembling startup_arm_nrf51.s...
compiling system_nrf51.c...
compiling simple_uart.c...
compiling nrf_delay.c...
linking...
Program Size: Code=864 RO-data=208 RW-data=8 ZI-data=2048  
".\_build\button_radio_tx_example.axf" - 0 Error(s), 0 Warning(s).

*** Performing Cross-Module-Optimization:
compiling main_tx.c...
compiling radio_config.c...
compiling system_nrf51.c...
compiling simple_uart.c...
compiling nrf_delay.c...
linking...
Program Size: Code=864 RO-data=208 RW-data=8 ZI-data=2048  
FromELF: creating hex file...
".\_build\button_radio_tx_example.axf" - 0 Error(s), 0 Warning(s).
*** Completed Cross-Module-Optimization after 2 iteration(s).
Load "D:\\项目\\nRF51 SDK_v6.0.0.43681\\Nordic\\nrf51822\\Board\\pca10001\\button_radio_example\\arm\\_build\\button_radio_tx_example.axf" 
Set JLink Project File to "D:\项目\nRF51 SDK_v6.0.0.43681\Nordic\nrf51822\Board\pca10001\button_radio_example\arm\JLinkSettings.ini"
* JLink Info: Device "NRF51822_XXAA" selected (257 KB flash, 16 KB RAM).
 
JLink info:
------------
DLL: V4.86a, compiled Jun 11 2014 17:22:49
Firmware: J-Link ARM-OB STM32 compiled Aug 22 2012 19:52:04
Hardware: V7.00
S/N : 20090928 
Feature(s) : RDI,FlashDL,FlashBP,JFlash,GDBFull 
 
* JLink Info: Found SWD-DP with ID 0x0BB11477
* JLink Info: Found Cortex-M0 r0p0, Little endian.
* JLink Info: FPUnit: 4 code (BP) slots and 0 literal slots
ROMTableAddr = 0xE00FF003
 
Target info:
------------
Device: nRF51822_xxAA
VTarget = 3.300V
State of Pins: 
TCK: 0, TDI: 0, TDO: 1, TMS: 0, TRES: 1, TRST: 1
Hardware-Breakpoints: 4
Software-Breakpoints: 8192
Watchpoints:          2
JTAG speed: 2000 kHz
 
Erase Done.
Programming Done.
Verify OK.
Application running ...
</pre>
</body>
</html>
